
Program received signal SIGHUP, Hangup.
 
 gcc -g p1final.c
 gdb a.out
GNU gdb (Ubuntu 8.1.1-0ubuntu1) 8.1.1
Copyright (C) 2018 Free Software Foundation, Inc.
License GPLv3+: GNU GPL version 3 or later <http://gnu.org/licenses/gpl.html>
This is free software: you are free to change and redistribute it.
There is NO WARRANTY, to the extent permitted by law.  Type "show copying"
and "show warranty" for details.
This GDB was configured as "x86_64-linux-gnu".
Type "show configuration" for configuration details.
For bug reporting instructions, please see:
<http://www.gnu.org/software/gdb/bugs/>.
Find the GDB manual and other documentation resources online at:
<http://www.gnu.org/software/gdb/documentation/>.
For help, type "help".
Type "apropos word" to search for commands related to "word"...
Reading symbols from a.out...done.
(gdb) b main
Breakpoint 1 at 0x7fc: file p1final.c, line 19.
(gdb) r
Starting program: /home/runner/IA2-Test1-Session2/a.out 
warning: Error disabling address space randomization: Operation not permitted

Breakpoint 1, main () at p1final.c:19
19  int main(){
(gdb) n
21    input(&base,&height);
(gdb) s
input (base=0x7ffe2d96098c, height=0x7ffe2d960990) at p1final.c:4
4     printf("enter  the base of triangle");
(gdb) n
5     scanf("%f",base);
(gdb) n
enter  the base of triangle1 
6     printf("enter the height of the triangle");
(gdb) n
7     scanf("%f",height);
(gdb) n
enter the height of the triangle2
8   }
(gdb) n
main () at p1final.c:22
22    area(base,height,&areaa);
(gdb) s
area (base=1, height=2, area=0x7ffe2d960994) at p1final.c:12
12       *area=(0.5*base*height);
(gdb) n
13  }
(gdb) n
main () at p1final.c:23
23    output(base,height,areaa);
(gdb) s
output (base=1, height=2, area=1) at p1final.c:16
16    printf("the give base is %f and height is %f and the area is %f",base,height,area);
(gdb) n
17  }
main () at p1final.c:24
18    return 0;
(gdb) n
19  }
(gdb) c
Continuing.
the give base is 1.000000 and height is 2.000000 and the area is 1.000000[Inferior 1 (process 487) exited normally]
(gdb) Quit