 gcc  -g p2final.c
 gdb a.out
GNU gdb (Ubuntu 8.1.1-0ubuntu1) 8.1.1
Copyright (C) 2018 Free Software Foundation, Inc.
License GPLv3+: GNU GPL version 3 or later <http://gnu.org/licenses/gpl.html>
This is free software: you are free to change and redistribute it.
There is NO WARRANTY, to the extent permitted by law.  Type "show copying"
and "show warranty" for details.
This GDB was configured as "x86_64-linux-gnu".
Type "show configuration" for configuration details.
For bug reporting instructions, please see:
<http://www.gnu.org/software/gdb/bugs/>.
Find the GDB manual and other documentation resources online at:
<http://www.gnu.org/software/gdb/documentation/>.
For help, type "help".
Type "apropos word" to search for commands related to "word"...
Reading symbols from a.out...done.
(gdb) b main
Breakpoint 1 at 0x876: file p2final.c, line 37.
(gdb) r
Starting program: /home/runner/IA2-Test1-Session2/a.out 
warning: Error disabling address space randomization: Operation not permitted

Breakpoint 1, main () at p2final.c:37
37    a=side();
(gdb) s
side () at p2final.c:3
3   int side(){
(gdb) n
5     printf("enter the side of the triangle");
(gdb) n
6     scanf("%d",&a);
(gdb) n
enter the side of the triangle1
7     return a;
(gdb) n
8   }
(gdb) n
main () at p2final.c:38
38    b=side();
(gdb) s
side () at p2final.c:3
3   int side(){
(gdb) n
5     printf("enter the side of the triangle");
(gdb) n
6     scanf("%d",&a);
(gdb) n
enter the side of the triangle2
7     return a;
(gdb) n
8   }
(gdb) n
main () at p2final.c:39
39    c=side();
(gdb) s
side () at p2final.c:3
3   int side(){
(gdb) n
5     printf("enter the side of the triangle");
(gdb) n
6     scanf("%d",&a);
(gdb) n
enter the side of the triangle3
7     return a;
(gdb) n
8   }
(gdb) n
main () at p2final.c:40
40    check(a,b,c);
(gdb) s
check (a=1, b=2, c=3) at p2final.c:11
11    int flag=0;
(gdb) n
12    if (a!=b&&b!=c&&a!=c){
(gdb) n
13      printf("%d",flag);
(gdb) n
20    printf("%d",flag);
(gdb) n
21    return flag;
(gdb) n
22  }
(gdb) n
main () at p2final.c:41
41    output(flag);
(gdb) s
output () at p2final.c:27
27    if (flag==0){
(gdb) n
28      printf("they are scalane triangle\n");
(gdb) n
00they are scalane triangle
33  }
(gdb) n
main () at p2final.c:42
42    return 0;
(gdb) c
Continuing.
[Inferior 1 (process 671) exited normally]
(gdb) 